
> Onenomo@0.1.0 build
> next build

Ôû▓ Next.js 16.1.3 (Turbopack)
- Environments: .env

  Creating an optimized production build ...
Ô£ô Compiled successfully in 46s
  Running TypeScript ...
  Collecting page data using 15 workers ...
­şöı Validating OneChain environment configuration...

node.exe : ÔÜá´©Å  Missing optional environment variable: ONECHAIN_TREASURY_ADDRESS
At line:1 char:1
+ & "C:\Program Files\nodejs/node.exe" "C:\Program Files\nodejs/node_mo ...
+ ~~~~~~~~~~~~~~~~~~~~~~~~~~~~~~~~~~~~~~~~~~~~~~~~~~~~~~~~~~~~~~~~~~~~~
    + CategoryInfo          : NotSpecified: (ÔÜá´©Å  Missing...REASURY_ADDRESS:String) [], RemoteException
    + FullyQualifiedErrorId : NativeCommandError
 
   Optional: Treasury wallet address for deposits (defaults to 0x71197e7a1CA5A2cb2AD82432B924F69B1E3dB123)
ÔÜá´©Å  Missing optional environment variable: NEXT_PUBLIC_APP_NAME
   Optional: Application name displayed in UI (defaults to Onenomo)

ÔÜá´©Å  2 optional environment variable(s) missing
   Application will use default values

­şöı Validating OneChain environment configuration...

ÔÜá´©Å  Missing optional environment variable: ONECHAIN_TREASURY_ADDRESS
   Optional: Treasury wallet address for deposits (defaults to 0x71197e7a1CA5A2cb2AD82432B924F69B1E3dB123)
ÔÜá´©Å  Missing optional environment variable: NEXT_PUBLIC_APP_NAME
   Optional: Application name displayed in UI (defaults to Onenomo)

ÔÜá´©Å  2 optional environment variable(s) missing
   Application will use default values

­şöı Validating OneChain environment configuration...

ÔÜá´©Å  Missing optional environment variable: ONECHAIN_TREASURY_ADDRESS
   Optional: Treasury wallet address for deposits (defaults to 0x71197e7a1CA5A2cb2AD82432B924F69B1E3dB123)
ÔÜá´©Å  Missing optional environment variable: NEXT_PUBLIC_APP_NAME
   Optional: Application name displayed in UI (defaults to Onenomo)

ÔÜá´©Å  2 optional environment variable(s) missing
   Application will use default values

  Generating static pages using 15 workers (0/29) ...
  Generating static pages using 15 workers (7/29) 
­şöı Validating OneChain environment configuration...

ÔÜá´©Å  Missing optional environment variable: ONECHAIN_TREASURY_ADDRESS
   Optional: Treasury wallet address for deposits (defaults to 0x71197e7a1CA5A2cb2AD82432B924F69B1E3dB123)
ÔÜá´©Å  Missing optional environment variable: NEXT_PUBLIC_APP_NAME
   Optional: Application name displayed in UI (defaults to Onenomo)

ÔÜá´©Å  2 optional environment variable(s) missing
   Application will use default values

  Generating static pages using 15 workers (14/29) 
  Generating static pages using 15 workers (21/29) 
­şöı Validating OneChain environment configuration...

ÔÜá´©Å  Missing optional environment variable: ONECHAIN_TREASURY_ADDRESS
   Optional: Treasury wallet address for deposits (defaults to 0x71197e7a1CA5A2cb2AD82432B924F69B1E3dB123)
ÔÜá´©Å  Missing optional environment variable: NEXT_PUBLIC_APP_NAME
   Optional: Application name displayed in UI (defaults to Onenomo)

ÔÜá´©Å  2 optional environment variable(s) missing
   Application will use default values

Ô£ô Generating static pages using 15 workers (29/29) in 2.2s
  Finalizing page optimization ...

Route (app)
Ôöî Ôùï /
Ôö£ Ôùï /_not-found
Ôö£ ãÆ /api/admin/access-codes
Ôö£ ãÆ /api/admin/currencies
Ôö£ ãÆ /api/admin/danger-zone
Ôö£ ãÆ /api/admin/game-history
Ôö£ ãÆ /api/admin/stats
Ôö£ ãÆ /api/admin/transactions
Ôö£ ãÆ /api/admin/users
Ôö£ ãÆ /api/admin/users/status
Ôö£ ãÆ /api/admin/waitlist
Ôö£ ãÆ /api/balance/[address]
Ôö£ ãÆ /api/balance/bet
Ôö£ ãÆ /api/balance/deposit
Ôö£ ãÆ /api/balance/payout
Ôö£ ãÆ /api/balance/win
Ôö£ ãÆ /api/balance/withdraw
Ôö£ ãÆ /api/bet
Ôö£ ãÆ /api/bets/history
Ôö£ ãÆ /api/bets/leaderboard
Ôö£ ãÆ /api/bets/save
Ôö£ ãÆ /api/deposit
Ôö£ ãÆ /api/onchain/balance/[address]
Ôö£ ãÆ /api/validate-access-code
Ôö£ ãÆ /api/withdraw
Ôö£ Ôùï /dashboard
Ôö£ Ôùï /profile
Ôö£ Ôùï /referrals
Ôö£ Ôùï /trade
Ôöö Ôùï /waitlist


Ôùï  (Static)   prerendered as static content
ãÆ  (Dynamic)  server-rendered on demand

